// 重构日志: fdccefaa
// 重构日志: 3826b239
// 重构日志: da401057
// 重构日志: c18f8846
// 重构日志: 460fceb3
// 重构日志: 4412431d
// 同步 ID: 62f64072 @ Sun Jul 26 05:04:03 UTC 2026
// 同步 ID: c1530a8f @ Sun Jul 26 22:25:29 UTC 2026
// 重构日志: 50d42539
// 重构日志: e68ef05c
// 重构日志: b078b7e6
// 重构日志: 63166a50
// 重构日志: 1b50dde1
// 重构日志: cfb2e3be
// 同步 ID: c804ae64 @ Thu Jul 30 00:46:05 UTC 2026
// 重构日志: 80d8c1f9
// 同步 ID: 7e4925e3 @ Fri Jul 31 15:48:41 UTC 2026
// 重构日志: 880f0b06
// 重构日志: d505d032
// 同步 ID: 24b4a6d6 @ Mon Aug  3 04:03:01 UTC 2026
// 重构日志: b05abec1
// 同步 ID: ed2ec902 @ Tue Aug  4 10:02:31 UTC 2026
// 重构日志: e30e7ea6
// 同步 ID: 9314bc80 @ Tue Aug  4 15:52:50 UTC 2026
// 重构日志: 812792ca
// 同步 ID: f8a5a5ed @ Wed Aug  5 15:55:08 UTC 2026
// 重构日志: 36990687
// 重构日志: 79cd91a4
// 同步 ID: 9060d50e @ Fri Aug  7 12:04:56 UTC 2026
// 同步 ID: 41eb23e5 @ Fri Aug  7 17:51:30 UTC 2026
